Loading weights:   0%|          | 0/473 [00:00<?, ?it/s]Loading weights: 100%|██████████| 473/473 [00:00<00:00, 6103.86it/s]
Warning, cannot find cuda-compiled version of RoPE2D, using a slow pytorch version instead
Warning, cannot find cuda-compiled version of RoPE2D, using a slow pytorch version instead
2026-09-24 02:32:43,039 [r0] INFO RoPE2D 폴백 2개를 음수 위치 지원 판본으로 교체했다
2026-09-24 02:32:44,516 [r0] INFO 파라미터: 전체 1.67B / 학습 27.0M (프로젝터 27.0M, LoRA 0.0M)
2026-09-24 02:32:44,525 [r0] INFO data/sensenova_1k/sn1k.jsonl: 905 레코드 (LazyJsonl)
2026-09-24 02:32:44,528 [r0] INFO 스텝 20 (워밍업 1) · GPU 1 × 누적 1 = 유효 배치 1 · 샘플 905
2026-09-24 02:32:44,529 [r0] DEBUG Importing JpegImagePlugin
[transformers] `use_cache=True` is incompatible with gradient checkpointing. Setting `use_cache=False`.
2026-09-24 02:32:46,763 [r0] DEBUG Importing PngImagePlugin
2026-09-24 02:32:46,765 [r0] DEBUG STREAM b'IHDR' 16 13
2026-09-24 02:32:46,765 [r0] DEBUG STREAM b'IDAT' 41 65536
2026-09-24 02:32:46,780 [r0] DEBUG STREAM b'IHDR' 16 13
2026-09-24 02:32:46,780 [r0] DEBUG STREAM b'IDAT' 41 65536
2026-09-24 02:32:55,426 [r0] DEBUG STREAM b'IHDR' 16 13
2026-09-24 02:32:55,426 [r0] DEBUG STREAM b'IDAT' 41 65536
2026-09-24 02:32:55,439 [r0] DEBUG STREAM b'IHDR' 16 13
2026-09-24 02:32:55,439 [r0] DEBUG STREAM b'IDAT' 41 65536
2026-09-24 02:32:57,279 [r0] INFO ep 0 step 5/20 loss 1.3568 lr 8.95e-05 | inj L0:0.323 L1:0.280 L2:0.389 | gate +1.00 +1.00 +1.00 | 0.4 samp/s | data 51 geom 825 fb 1659 ms/샘플 | mem 0.0GB | skip 0 | sync -
2026-09-24 02:32:59,099 [r0] DEBUG STREAM b'IHDR' 16 13
2026-09-24 02:32:59,099 [r0] DEBUG STREAM b'IDAT' 41 65536
2026-09-24 02:32:59,112 [r0] DEBUG STREAM b'IHDR' 16 13
2026-09-24 02:32:59,112 [r0] DEBUG STREAM b'IDAT' 41 65536
2026-09-24 02:33:38,454 [r0] INFO ep 0 step 10/20 loss 1.5612 lr 5.41e-05 | inj L0:0.667 L1:0.505 L2:0.526 | gate +1.00 +1.00 +1.00 | 0.1 samp/s | data 202 geom 2916 fb 5103 ms/샘플 | mem 0.0GB | skip 0 | sync -
2026-09-24 02:34:01,021 [r0] DEBUG STREAM b'IHDR' 16 13
2026-09-24 02:34:01,023 [r0] DEBUG STREAM b'pHYs' 41 9
2026-09-24 02:34:01,023 [r0] DEBUG STREAM b'tEXt' 62 111
2026-09-24 02:34:01,023 [r0] DEBUG STREAM b'tEXt' 185 24
2026-09-24 02:34:01,023 [r0] DEBUG STREAM b'tEXt' 221 16
2026-09-24 02:34:01,023 [r0] DEBUG STREAM b'tEXt' 249 9
2026-09-24 02:34:01,023 [r0] DEBUG STREAM b'tEXt' 270 13
2026-09-24 02:34:01,023 [r0] DEBUG STREAM b'tEXt' 295 11
2026-09-24 02:34:01,023 [r0] DEBUG STREAM b'tEXt' 318 19
2026-09-24 02:34:01,023 [r0] DEBUG STREAM b'IDAT' 349 8192
2026-09-24 02:34:02,221 [r0] INFO ep 0 step 15/20 loss 2.9978 lr 1.61e-05 | inj L0:1.132 L1:0.568 L2:0.595 | gate +1.00 +1.00 +1.00 | 0.2 samp/s | data 188 geom 1681 fb 2898 ms/샘플 | mem 0.0GB | skip 0 | sync -
2026-09-24 02:34:02,224 [r0] DEBUG STREAM b'IHDR' 16 13
2026-09-24 02:34:02,224 [r0] DEBUG STREAM b'pHYs' 41 9
2026-09-24 02:34:02,224 [r0] DEBUG STREAM b'tEXt' 62 111
2026-09-24 02:34:02,224 [r0] DEBUG STREAM b'tEXt' 185 24
2026-09-24 02:34:02,224 [r0] DEBUG STREAM b'tEXt' 221 16
2026-09-24 02:34:02,224 [r0] DEBUG STREAM b'tEXt' 249 9
2026-09-24 02:34:02,224 [r0] DEBUG STREAM b'tEXt' 270 13
2026-09-24 02:34:02,224 [r0] DEBUG STREAM b'tEXt' 295 11
2026-09-24 02:34:02,224 [r0] DEBUG STREAM b'tEXt' 318 19
2026-09-24 02:34:02,224 [r0] DEBUG STREAM b'IDAT' 349 8192
2026-09-24 02:34:03,449 [r0] DEBUG STREAM b'IHDR' 16 13
2026-09-24 02:34:03,450 [r0] DEBUG STREAM b'pHYs' 41 9
2026-09-24 02:34:03,450 [r0] DEBUG STREAM b'tEXt' 62 111
2026-09-24 02:34:03,450 [r0] DEBUG STREAM b'tEXt' 185 24
2026-09-24 02:34:03,450 [r0] DEBUG STREAM b'tEXt' 221 16
2026-09-24 02:34:03,450 [r0] DEBUG STREAM b'tEXt' 249 9
2026-09-24 02:34:03,450 [r0] DEBUG STREAM b'tEXt' 270 13
2026-09-24 02:34:03,450 [r0] DEBUG STREAM b'tEXt' 295 11
2026-09-24 02:34:03,450 [r0] DEBUG STREAM b'tEXt' 318 19
2026-09-24 02:34:03,450 [r0] DEBUG STREAM b'IDAT' 349 8192
2026-09-24 02:34:33,069 [r0] DEBUG STREAM b'IHDR' 16 13
2026-09-24 02:34:33,071 [r0] DEBUG STREAM b'IDAT' 41 8192
2026-09-24 02:34:33,091 [r0] DEBUG STREAM b'IHDR' 16 13
2026-09-24 02:34:33,091 [r0] DEBUG STREAM b'IDAT' 41 8192
2026-09-24 02:34:33,103 [r0] DEBUG STREAM b'IHDR' 16 13
2026-09-24 02:34:33,103 [r0] DEBUG STREAM b'IDAT' 41 8192
2026-09-24 02:35:05,095 [r0] DEBUG STREAM b'IHDR' 16 13
2026-09-24 02:35:05,118 [r0] DEBUG STREAM b'IDAT' 41 65536
2026-09-24 02:35:05,178 [r0] DEBUG STREAM b'IHDR' 16 13
2026-09-24 02:35:05,178 [r0] DEBUG STREAM b'IDAT' 41 65536
2026-09-24 02:35:05,213 [r0] DEBUG STREAM b'IHDR' 16 13
2026-09-24 02:35:05,213 [r0] DEBUG STREAM b'IDAT' 41 65536
2026-09-24 02:35:05,262 [r0] DEBUG STREAM b'IHDR' 16 13
2026-09-24 02:35:05,267 [r0] DEBUG STREAM b'IDAT' 41 65536
2026-09-24 02:35:05,303 [r0] DEBUG STREAM b'IHDR' 16 13
2026-09-24 02:35:05,303 [r0] DEBUG STREAM b'IDAT' 41 65536
2026-09-24 02:35:41,223 [r0] INFO ep 0 step 20/20 loss 2.4967 lr 0.00e+00 | inj L0:0.800 L1:0.631 L2:0.605 | gate +1.00 +1.00 +1.00 | 0.1 samp/s | data 582 geom 5244 fb 13129 ms/샘플 | mem 0.0GB | skip 0 | sync -
2026-09-24 02:35:41,484 [r0] INFO 저장 outputs/m2_lr_1e-4/final.pt (28 텐서, 108.1 MB)
2026-09-24 02:35:41,486 [r0] INFO 완료. 건너뛴 샘플 0 (랭크0 기준, 사유는 워커 로그의 '건너뜀' 경고 참고)
