Loading weights:   0%|          | 0/473 [00:00<?, ?it/s]Loading weights: 100%|██████████| 473/473 [00:00<00:00, 6305.30it/s]
Warning, cannot find cuda-compiled version of RoPE2D, using a slow pytorch version instead
Warning, cannot find cuda-compiled version of RoPE2D, using a slow pytorch version instead
2026-09-24 02:29:37,805 [r0] INFO RoPE2D 폴백 2개를 음수 위치 지원 판본으로 교체했다
2026-09-24 02:29:40,321 [r0] INFO 파라미터: 전체 1.67B / 학습 27.0M (프로젝터 27.0M, LoRA 0.0M)
2026-09-24 02:29:40,333 [r0] INFO data/sensenova_1k/sn1k.jsonl: 905 레코드 (LazyJsonl)
2026-09-24 02:29:40,338 [r0] INFO 스텝 20 (워밍업 1) · GPU 1 × 누적 1 = 유효 배치 1 · 샘플 905
2026-09-24 02:29:40,339 [r0] DEBUG Importing JpegImagePlugin
[transformers] `use_cache=True` is incompatible with gradient checkpointing. Setting `use_cache=False`.
2026-09-24 02:29:42,934 [r0] DEBUG Importing PngImagePlugin
2026-09-24 02:29:42,936 [r0] DEBUG STREAM b'IHDR' 16 13
2026-09-24 02:29:42,936 [r0] DEBUG STREAM b'IDAT' 41 65536
2026-09-24 02:29:42,950 [r0] DEBUG STREAM b'IHDR' 16 13
2026-09-24 02:29:42,950 [r0] DEBUG STREAM b'IDAT' 41 65536
2026-09-24 02:29:49,412 [r0] DEBUG STREAM b'IHDR' 16 13
2026-09-24 02:29:49,412 [r0] DEBUG STREAM b'IDAT' 41 65536
2026-09-24 02:29:49,428 [r0] DEBUG STREAM b'IHDR' 16 13
2026-09-24 02:29:49,428 [r0] DEBUG STREAM b'IDAT' 41 65536
2026-09-24 02:29:52,218 [r0] INFO ep 0 step 5/20 loss 1.6450 lr 8.95e-04 | inj L0:3.982 L1:0.939 L2:0.800 | gate +1.00 +1.00 +1.00 | 0.4 samp/s | data 70 geom 710 fb 1578 ms/샘플 | mem 0.0GB | skip 0 | sync -
2026-09-24 02:29:53,796 [r0] DEBUG STREAM b'IHDR' 16 13
2026-09-24 02:29:53,796 [r0] DEBUG STREAM b'IDAT' 41 65536
2026-09-24 02:29:53,808 [r0] DEBUG STREAM b'IHDR' 16 13
2026-09-24 02:29:53,808 [r0] DEBUG STREAM b'IDAT' 41 65536
2026-09-24 02:30:39,235 [r0] INFO ep 0 step 10/20 loss 1.6049 lr 5.41e-04 | inj L0:15.613 L1:0.479 L2:0.623 | gate +1.00 +1.00 +1.00 | 0.1 samp/s | data 246 geom 3522 fb 5627 ms/샘플 | mem 0.0GB | skip 0 | sync -
2026-09-24 02:31:08,702 [r0] DEBUG STREAM b'IHDR' 16 13
2026-09-24 02:31:08,703 [r0] DEBUG STREAM b'pHYs' 41 9
2026-09-24 02:31:08,709 [r0] DEBUG STREAM b'tEXt' 62 111
2026-09-24 02:31:08,709 [r0] DEBUG STREAM b'tEXt' 185 24
2026-09-24 02:31:08,709 [r0] DEBUG STREAM b'tEXt' 221 16
2026-09-24 02:31:08,709 [r0] DEBUG STREAM b'tEXt' 249 9
2026-09-24 02:31:08,709 [r0] DEBUG STREAM b'tEXt' 270 13
2026-09-24 02:31:08,709 [r0] DEBUG STREAM b'tEXt' 295 11
2026-09-24 02:31:08,709 [r0] DEBUG STREAM b'tEXt' 318 19
2026-09-24 02:31:08,709 [r0] DEBUG STREAM b'IDAT' 349 8192
2026-09-24 02:31:10,843 [r0] INFO ep 0 step 15/20 loss 2.8490 lr 1.61e-04 | inj L0:30.260 L1:0.368 L2:0.456 | gate +1.00 +1.00 +1.00 | 0.2 samp/s | data 346 geom 2225 fb 3754 ms/샘플 | mem 0.0GB | skip 0 | sync -
2026-09-24 02:31:10,845 [r0] DEBUG STREAM b'IHDR' 16 13
2026-09-24 02:31:10,845 [r0] DEBUG STREAM b'pHYs' 41 9
2026-09-24 02:31:10,845 [r0] DEBUG STREAM b'tEXt' 62 111
2026-09-24 02:31:10,845 [r0] DEBUG STREAM b'tEXt' 185 24
2026-09-24 02:31:10,845 [r0] DEBUG STREAM b'tEXt' 221 16
2026-09-24 02:31:10,845 [r0] DEBUG STREAM b'tEXt' 249 9
2026-09-24 02:31:10,845 [r0] DEBUG STREAM b'tEXt' 270 13
2026-09-24 02:31:10,845 [r0] DEBUG STREAM b'tEXt' 295 11
2026-09-24 02:31:10,845 [r0] DEBUG STREAM b'tEXt' 318 19
2026-09-24 02:31:10,845 [r0] DEBUG STREAM b'IDAT' 349 8192
2026-09-24 02:31:13,155 [r0] DEBUG STREAM b'IHDR' 16 13
2026-09-24 02:31:13,155 [r0] DEBUG STREAM b'pHYs' 41 9
2026-09-24 02:31:13,155 [r0] DEBUG STREAM b'tEXt' 62 111
2026-09-24 02:31:13,155 [r0] DEBUG STREAM b'tEXt' 185 24
2026-09-24 02:31:13,155 [r0] DEBUG STREAM b'tEXt' 221 16
2026-09-24 02:31:13,156 [r0] DEBUG STREAM b'tEXt' 249 9
2026-09-24 02:31:13,156 [r0] DEBUG STREAM b'tEXt' 270 13
2026-09-24 02:31:13,156 [r0] DEBUG STREAM b'tEXt' 295 11
2026-09-24 02:31:13,156 [r0] DEBUG STREAM b'tEXt' 318 19
2026-09-24 02:31:13,156 [r0] DEBUG STREAM b'IDAT' 349 8192
2026-09-24 02:31:36,945 [r0] DEBUG STREAM b'IHDR' 16 13
2026-09-24 02:31:36,946 [r0] DEBUG STREAM b'IDAT' 41 8192
2026-09-24 02:31:36,956 [r0] DEBUG STREAM b'IHDR' 16 13
2026-09-24 02:31:36,956 [r0] DEBUG STREAM b'IDAT' 41 8192
2026-09-24 02:31:36,963 [r0] DEBUG STREAM b'IHDR' 16 13
2026-09-24 02:31:36,963 [r0] DEBUG STREAM b'IDAT' 41 8192
2026-09-24 02:32:06,782 [r0] DEBUG STREAM b'IHDR' 16 13
2026-09-24 02:32:06,782 [r0] DEBUG STREAM b'IDAT' 41 65536
2026-09-24 02:32:06,793 [r0] DEBUG STREAM b'IHDR' 16 13
2026-09-24 02:32:06,793 [r0] DEBUG STREAM b'IDAT' 41 65536
2026-09-24 02:32:06,812 [r0] DEBUG STREAM b'IHDR' 16 13
2026-09-24 02:32:06,812 [r0] DEBUG STREAM b'IDAT' 41 65536
2026-09-24 02:32:06,853 [r0] DEBUG STREAM b'IHDR' 16 13
2026-09-24 02:32:06,853 [r0] DEBUG STREAM b'IDAT' 41 65536
2026-09-24 02:32:06,897 [r0] DEBUG STREAM b'IHDR' 16 13
2026-09-24 02:32:06,897 [r0] DEBUG STREAM b'IDAT' 41 65536
2026-09-24 02:32:32,296 [r0] INFO ep 0 step 20/20 loss 2.1333 lr 0.00e+00 | inj L0:20.629 L1:0.574 L2:0.606 | gate +1.00 +1.00 +1.00 | 0.1 samp/s | data 217 geom 5021 fb 11053 ms/샘플 | mem 0.0GB | skip 0 | sync -
2026-09-24 02:32:32,573 [r0] INFO 저장 outputs/m2_lr_1e-3/final.pt (28 텐서, 108.1 MB)
2026-09-24 02:32:32,575 [r0] INFO 완료. 건너뛴 샘플 0 (랭크0 기준, 사유는 워커 로그의 '건너뜀' 경고 참고)
