Loading weights:   0%|          | 0/473 [00:00<?, ?it/s]Loading weights: 100%|██████████| 473/473 [00:00<00:00, 6386.80it/s]
Warning, cannot find cuda-compiled version of RoPE2D, using a slow pytorch version instead
Warning, cannot find cuda-compiled version of RoPE2D, using a slow pytorch version instead
2026-09-24 02:35:52,815 [r0] INFO RoPE2D 폴백 2개를 음수 위치 지원 판본으로 교체했다
2026-09-24 02:35:55,008 [r0] INFO 파라미터: 전체 1.67B / 학습 27.0M (프로젝터 27.0M, LoRA 0.0M)
2026-09-24 02:35:55,016 [r0] INFO data/sensenova_1k/sn1k.jsonl: 905 레코드 (LazyJsonl)
2026-09-24 02:35:55,022 [r0] INFO 스텝 20 (워밍업 1) · GPU 1 × 누적 1 = 유효 배치 1 · 샘플 905
2026-09-24 02:35:55,024 [r0] DEBUG Importing JpegImagePlugin
[transformers] `use_cache=True` is incompatible with gradient checkpointing. Setting `use_cache=False`.
2026-09-24 02:35:58,541 [r0] DEBUG Importing PngImagePlugin
2026-09-24 02:35:58,543 [r0] DEBUG STREAM b'IHDR' 16 13
2026-09-24 02:35:58,543 [r0] DEBUG STREAM b'IDAT' 41 65536
2026-09-24 02:35:58,557 [r0] DEBUG STREAM b'IHDR' 16 13
2026-09-24 02:35:58,557 [r0] DEBUG STREAM b'IDAT' 41 65536
2026-09-24 02:36:04,549 [r0] DEBUG STREAM b'IHDR' 16 13
2026-09-24 02:36:04,549 [r0] DEBUG STREAM b'IDAT' 41 65536
2026-09-24 02:36:04,563 [r0] DEBUG STREAM b'IHDR' 16 13
2026-09-24 02:36:04,563 [r0] DEBUG STREAM b'IDAT' 41 65536
2026-09-24 02:36:07,045 [r0] INFO ep 0 step 5/20 loss 1.3962 lr 2.68e-05 | inj L0:0.117 L1:0.106 L2:0.134 | gate +1.00 +1.00 +1.00 | 0.4 samp/s | data 70 geom 839 fb 1478 ms/샘플 | mem 0.0GB | skip 0 | sync -
2026-09-24 02:36:08,646 [r0] DEBUG STREAM b'IHDR' 16 13
2026-09-24 02:36:08,646 [r0] DEBUG STREAM b'IDAT' 41 65536
2026-09-24 02:36:08,658 [r0] DEBUG STREAM b'IHDR' 16 13
2026-09-24 02:36:08,658 [r0] DEBUG STREAM b'IDAT' 41 65536
2026-09-24 02:36:48,108 [r0] INFO ep 0 step 10/20 loss 1.5619 lr 1.62e-05 | inj L0:0.206 L1:0.169 L2:0.224 | gate +1.00 +1.00 +1.00 | 0.1 samp/s | data 178 geom 3730 fb 4302 ms/샘플 | mem 0.0GB | skip 0 | sync -
2026-09-24 02:37:02,339 [r0] DEBUG STREAM b'IHDR' 16 13
2026-09-24 02:37:02,341 [r0] DEBUG STREAM b'pHYs' 41 9
2026-09-24 02:37:02,341 [r0] DEBUG STREAM b'tEXt' 62 111
2026-09-24 02:37:02,342 [r0] DEBUG STREAM b'tEXt' 185 24
2026-09-24 02:37:02,342 [r0] DEBUG STREAM b'tEXt' 221 16
2026-09-24 02:37:02,342 [r0] DEBUG STREAM b'tEXt' 249 9
2026-09-24 02:37:02,342 [r0] DEBUG STREAM b'tEXt' 270 13
2026-09-24 02:37:02,342 [r0] DEBUG STREAM b'tEXt' 295 11
2026-09-24 02:37:02,342 [r0] DEBUG STREAM b'tEXt' 318 19
2026-09-24 02:37:02,342 [r0] DEBUG STREAM b'IDAT' 349 8192
2026-09-24 02:37:03,607 [r0] INFO ep 0 step 15/20 loss 2.4628 lr 4.84e-06 | inj L0:0.313 L1:0.224 L2:0.311 | gate +1.00 +1.00 +1.00 | 0.3 samp/s | data 181 geom 1137 fb 1780 ms/샘플 | mem 0.0GB | skip 0 | sync -
2026-09-24 02:37:03,608 [r0] DEBUG STREAM b'IHDR' 16 13
2026-09-24 02:37:03,608 [r0] DEBUG STREAM b'pHYs' 41 9
2026-09-24 02:37:03,609 [r0] DEBUG STREAM b'tEXt' 62 111
2026-09-24 02:37:03,609 [r0] DEBUG STREAM b'tEXt' 185 24
2026-09-24 02:37:03,609 [r0] DEBUG STREAM b'tEXt' 221 16
2026-09-24 02:37:03,609 [r0] DEBUG STREAM b'tEXt' 249 9
2026-09-24 02:37:03,609 [r0] DEBUG STREAM b'tEXt' 270 13
2026-09-24 02:37:03,609 [r0] DEBUG STREAM b'tEXt' 295 11
2026-09-24 02:37:03,609 [r0] DEBUG STREAM b'tEXt' 318 19
2026-09-24 02:37:03,609 [r0] DEBUG STREAM b'IDAT' 349 8192
2026-09-24 02:37:04,677 [r0] DEBUG STREAM b'IHDR' 16 13
2026-09-24 02:37:04,677 [r0] DEBUG STREAM b'pHYs' 41 9
2026-09-24 02:37:04,677 [r0] DEBUG STREAM b'tEXt' 62 111
2026-09-24 02:37:04,677 [r0] DEBUG STREAM b'tEXt' 185 24
2026-09-24 02:37:04,677 [r0] DEBUG STREAM b'tEXt' 221 16
2026-09-24 02:37:04,677 [r0] DEBUG STREAM b'tEXt' 249 9
2026-09-24 02:37:04,677 [r0] DEBUG STREAM b'tEXt' 270 13
2026-09-24 02:37:04,677 [r0] DEBUG STREAM b'tEXt' 295 11
2026-09-24 02:37:04,677 [r0] DEBUG STREAM b'tEXt' 318 19
2026-09-24 02:37:04,677 [r0] DEBUG STREAM b'IDAT' 349 8192
2026-09-24 02:37:15,348 [r0] DEBUG STREAM b'IHDR' 16 13
2026-09-24 02:37:15,348 [r0] DEBUG STREAM b'IDAT' 41 8192
2026-09-24 02:37:15,356 [r0] DEBUG STREAM b'IHDR' 16 13
2026-09-24 02:37:15,356 [r0] DEBUG STREAM b'IDAT' 41 8192
2026-09-24 02:37:15,364 [r0] DEBUG STREAM b'IHDR' 16 13
2026-09-24 02:37:15,364 [r0] DEBUG STREAM b'IDAT' 41 8192
2026-09-24 02:37:20,634 [r0] DEBUG STREAM b'IHDR' 16 13
2026-09-24 02:37:20,634 [r0] DEBUG STREAM b'IDAT' 41 65536
2026-09-24 02:37:20,646 [r0] DEBUG STREAM b'IHDR' 16 13
2026-09-24 02:37:20,646 [r0] DEBUG STREAM b'IDAT' 41 65536
2026-09-24 02:37:20,659 [r0] DEBUG STREAM b'IHDR' 16 13
2026-09-24 02:37:20,659 [r0] DEBUG STREAM b'IDAT' 41 65536
2026-09-24 02:37:20,675 [r0] DEBUG STREAM b'IHDR' 16 13
2026-09-24 02:37:20,675 [r0] DEBUG STREAM b'IDAT' 41 65536
2026-09-24 02:37:20,688 [r0] DEBUG STREAM b'IHDR' 16 13
2026-09-24 02:37:20,688 [r0] DEBUG STREAM b'IDAT' 41 65536
2026-09-24 02:37:26,385 [r0] INFO ep 0 step 20/20 loss 1.3404 lr 0.00e+00 | inj L0:0.219 L1:0.224 L2:0.315 | gate +1.00 +1.00 +1.00 | 0.2 samp/s | data 145 geom 988 fb 3371 ms/샘플 | mem 0.0GB | skip 0 | sync -
2026-09-24 02:37:26,567 [r0] INFO 저장 outputs/m2_lr_3e-5/final.pt (28 텐서, 108.1 MB)
2026-09-24 02:37:26,569 [r0] INFO 완료. 건너뛴 샘플 0 (랭크0 기준, 사유는 워커 로그의 '건너뜀' 경고 참고)
